-- Install configuration: ""
-- Up-to-date: /home/diqiux/robotics/lunabotics/Lunabotics_Bringup/install/move/lib/move/publisher
-- Up-to-date: /home/diqiux/robotics/lunabotics/Lunabotics_Bringup/install/move/share/move/launch
-- Up-to-date: /home/diqiux/robotics/lunabotics/Lunabotics_Bringup/install/move/share/move/launch/sim.launch.py
-- Up-to-date: /home/diqiux/robotics/lunabotics/Lunabotics_Bringup/install/move/share/move/models
-- Up-to-date: /home/diqiux/robotics/lunabotics/Lunabotics_Bringup/install/move/share/move/models/vehicle_blue
-- Up-to-date: /home/diqiux/robotics/lunabotics/Lunabotics_Bringup/install/move/share/move/models/vehicle_blue/model.config
-- Up-to-date: /home/diqiux/robotics/lunabotics/Lunabotics_Bringup/install/move/share/move/models/vehicle_blue/model.sdf
-- Up-to-date: /home/diqiux/robotics/lunabotics/Lunabotics_Bringup/install/move/share/move/worlds
-- Up-to-date: /home/diqiux/robotics/lunabotics/Lunabotics_Bringup/install/move/share/move/worlds/building_robot.sdf
-- Up-to-date: /home/diqiux/robotics/lunabotics/Lunabotics_Bringup/install/move/share/move/rviz
-- Up-to-date: /home/diqiux/robotics/lunabotics/Lunabotics_Bringup/install/move/share/move/rviz/vehicle.rviz
-- Up-to-date: /home/diqiux/robotics/lunabotics/Lunabotics_Bringup/install/move/share/ament_index/resource_index/package_run_dependencies/move
-- Up-to-date: /home/diqiux/robotics/lunabotics/Lunabotics_Bringup/install/move/share/ament_index/resource_index/parent_prefix_path/move
-- Up-to-date: /home/diqiux/robotics/lunabotics/Lunabotics_Bringup/install/move/share/move/environment/ament_prefix_path.sh
-- Up-to-date: /home/diqiux/robotics/lunabotics/Lunabotics_Bringup/install/move/share/move/environment/ament_prefix_path.dsv
-- Up-to-date: /home/diqiux/robotics/lunabotics/Lunabotics_Bringup/install/move/share/move/environment/path.sh
-- Up-to-date: /home/diqiux/robotics/lunabotics/Lunabotics_Bringup/install/move/share/move/environment/path.dsv
-- Up-to-date: /home/diqiux/robotics/lunabotics/Lunabotics_Bringup/install/move/share/move/local_setup.bash
-- Up-to-date: /home/diqiux/robotics/lunabotics/Lunabotics_Bringup/install/move/share/move/local_setup.sh
-- Up-to-date: /home/diqiux/robotics/lunabotics/Lunabotics_Bringup/install/move/share/move/local_setup.zsh
-- Up-to-date: /home/diqiux/robotics/lunabotics/Lunabotics_Bringup/install/move/share/move/local_setup.dsv
-- Installing: /home/diqiux/robotics/lunabotics/Lunabotics_Bringup/install/move/share/move/package.dsv
-- Up-to-date: /home/diqiux/robotics/lunabotics/Lunabotics_Bringup/install/move/share/ament_index/resource_index/packages/move
-- Up-to-date: /home/diqiux/robotics/lunabotics/Lunabotics_Bringup/install/move/share/move/cmake/moveConfig.cmake
-- Up-to-date: /home/diqiux/robotics/lunabotics/Lunabotics_Bringup/install/move/share/move/cmake/moveConfig-version.cmake
-- Up-to-date: /home/diqiux/robotics/lunabotics/Lunabotics_Bringup/install/move/share/move/package.xml
