[0.005s] Invoking command in '/home/diqiux/robotics/lunabotics/Lunabotics_Bringup/build/move': CMAKE_PREFIX_PATH=${CMAKE_PREFIX_PATH}:/opt/ros/jazzy DEBUGINFOD_URLS=https://debuginfod.ubuntu.com /usr/bin/cmake --build /home/diqiux/robotics/lunabotics/Lunabotics_Bringup/build/move -- -j4 -l4
[0.029s] Invoked command in '/home/diqiux/robotics/lunabotics/Lunabotics_Bringup/build/move' returned '0': CMAKE_PREFIX_PATH=${CMAKE_PREFIX_PATH}:/opt/ros/jazzy DEBUGINFOD_URLS=https://debuginfod.ubuntu.com /usr/bin/cmake --build /home/diqiux/robotics/lunabotics/Lunabotics_Bringup/build/move -- -j4 -l4
[0.033s] Invoking command in '/home/diqiux/robotics/lunabotics/Lunabotics_Bringup/build/move': CMAKE_PREFIX_PATH=${CMAKE_PREFIX_PATH}:/opt/ros/jazzy DEBUGINFOD_URLS=https://debuginfod.ubuntu.com /usr/bin/cmake --install /home/diqiux/robotics/lunabotics/Lunabotics_Bringup/build/move
[0.038s] -- Install configuration: ""
[0.038s] -- Up-to-date: /home/diqiux/robotics/lunabotics/Lunabotics_Bringup/install/move/lib/move/publisher
[0.038s] -- Up-to-date: /home/diqiux/robotics/lunabotics/Lunabotics_Bringup/install/move/share/move/launch
[0.038s] -- Installing: /home/diqiux/robotics/lunabotics/Lunabotics_Bringup/install/move/share/move/launch/sim.launch.py
[0.038s] -- Up-to-date: /home/diqiux/robotics/lunabotics/Lunabotics_Bringup/install/move/share/move/models
[0.038s] -- Up-to-date: /home/diqiux/robotics/lunabotics/Lunabotics_Bringup/install/move/share/move/models/vehicle_blue
[0.038s] -- Up-to-date: /home/diqiux/robotics/lunabotics/Lunabotics_Bringup/install/move/share/move/models/vehicle_blue/model.config
[0.039s] -- Up-to-date: /home/diqiux/robotics/lunabotics/Lunabotics_Bringup/install/move/share/move/models/vehicle_blue/model.sdf
[0.039s] -- Up-to-date: /home/diqiux/robotics/lunabotics/Lunabotics_Bringup/install/move/share/move/worlds
[0.039s] -- Up-to-date: /home/diqiux/robotics/lunabotics/Lunabotics_Bringup/install/move/share/move/worlds/building_robot.sdf
[0.039s] -- Up-to-date: /home/diqiux/robotics/lunabotics/Lunabotics_Bringup/install/move/share/move/rviz
[0.039s] -- Up-to-date: /home/diqiux/robotics/lunabotics/Lunabotics_Bringup/install/move/share/move/rviz/vehicle.rviz
[0.039s] -- Up-to-date: /home/diqiux/robotics/lunabotics/Lunabotics_Bringup/install/move/share/ament_index/resource_index/package_run_dependencies/move
[0.039s] -- Up-to-date: /home/diqiux/robotics/lunabotics/Lunabotics_Bringup/install/move/share/ament_index/resource_index/parent_prefix_path/move
[0.039s] -- Up-to-date: /home/diqiux/robotics/lunabotics/Lunabotics_Bringup/install/move/share/move/environment/ament_prefix_path.sh
[0.039s] -- Up-to-date: /home/diqiux/robotics/lunabotics/Lunabotics_Bringup/install/move/share/move/environment/ament_prefix_path.dsv
[0.039s] -- Up-to-date: /home/diqiux/robotics/lunabotics/Lunabotics_Bringup/install/move/share/move/environment/path.sh
[0.039s] -- Up-to-date: /home/diqiux/robotics/lunabotics/Lunabotics_Bringup/install/move/share/move/environment/path.dsv
[0.040s] -- Up-to-date: /home/diqiux/robotics/lunabotics/Lunabotics_Bringup/install/move/share/move/local_setup.bash
[0.040s] -- Up-to-date: /home/diqiux/robotics/lunabotics/Lunabotics_Bringup/install/move/share/move/local_setup.sh
[0.040s] -- Up-to-date: /home/diqiux/robotics/lunabotics/Lunabotics_Bringup/install/move/share/move/local_setup.zsh
[0.040s] -- Up-to-date: /home/diqiux/robotics/lunabotics/Lunabotics_Bringup/install/move/share/move/local_setup.dsv
[0.040s] -- Installing: /home/diqiux/robotics/lunabotics/Lunabotics_Bringup/install/move/share/move/package.dsv
[0.040s] -- Up-to-date: /home/diqiux/robotics/lunabotics/Lunabotics_Bringup/install/move/share/ament_index/resource_index/packages/move
[0.040s] -- Up-to-date: /home/diqiux/robotics/lunabotics/Lunabotics_Bringup/install/move/share/move/cmake/moveConfig.cmake
[0.040s] -- Up-to-date: /home/diqiux/robotics/lunabotics/Lunabotics_Bringup/install/move/share/move/cmake/moveConfig-version.cmake
[0.040s] -- Up-to-date: /home/diqiux/robotics/lunabotics/Lunabotics_Bringup/install/move/share/move/package.xml
[0.041s] Invoked command in '/home/diqiux/robotics/lunabotics/Lunabotics_Bringup/build/move' returned '0': CMAKE_PREFIX_PATH=${CMAKE_PREFIX_PATH}:/opt/ros/jazzy DEBUGINFOD_URLS=https://debuginfod.ubuntu.com /usr/bin/cmake --install /home/diqiux/robotics/lunabotics/Lunabotics_Bringup/build/move
