[0.005s] Invoking command in '/home/diqiux/robotics/lunabotics/Lunabotics_Bringup/build/move': CMAKE_PREFIX_PATH=${CMAKE_PREFIX_PATH}:/opt/ros/jazzy DEBUGINFOD_URLS=https://debuginfod.ubuntu.com /usr/bin/cmake --build /home/diqiux/robotics/lunabotics/Lunabotics_Bringup/build/move -- -j4 -l4
[0.040s] -- Found ament_cmake: 2.5.6 (/opt/ros/jazzy/share/ament_cmake/cmake)
[0.161s] -- Found ament_lint_auto: 0.17.5 (/opt/ros/jazzy/share/ament_lint_auto/cmake)
[0.213s] -- Added test 'flake8' to check Python code syntax and style conventions
[0.213s] -- Configured 'flake8' exclude dirs and/or files: 
[0.213s] -- Added test 'lint_cmake' to check CMake code style
[0.213s] -- Added test 'pep257' to check Python code against some of the docstring style conventions in PEP 257
[0.214s] -- Added test 'xmllint' to check XML markup files
[0.214s] -- Configuring done (0.2s)
[0.219s] -- Generating done (0.0s)
[0.221s] -- Build files have been written to: /home/diqiux/robotics/lunabotics/Lunabotics_Bringup/build/move
[0.235s] Invoked command in '/home/diqiux/robotics/lunabotics/Lunabotics_Bringup/build/move' returned '0': CMAKE_PREFIX_PATH=${CMAKE_PREFIX_PATH}:/opt/ros/jazzy DEBUGINFOD_URLS=https://debuginfod.ubuntu.com /usr/bin/cmake --build /home/diqiux/robotics/lunabotics/Lunabotics_Bringup/build/move -- -j4 -l4
[0.240s] Invoking command in '/home/diqiux/robotics/lunabotics/Lunabotics_Bringup/build/move': CMAKE_PREFIX_PATH=${CMAKE_PREFIX_PATH}:/opt/ros/jazzy DEBUGINFOD_URLS=https://debuginfod.ubuntu.com /usr/bin/cmake --install /home/diqiux/robotics/lunabotics/Lunabotics_Bringup/build/move
[0.246s] -- Install configuration: ""
[0.246s] -- Up-to-date: /home/diqiux/robotics/lunabotics/Lunabotics_Bringup/install/move/lib/move/publisher
[0.246s] -- Up-to-date: /home/diqiux/robotics/lunabotics/Lunabotics_Bringup/install/move/share/move/launch
[0.246s] -- Up-to-date: /home/diqiux/robotics/lunabotics/Lunabotics_Bringup/install/move/share/move/launch/sim.launch.py
[0.246s] -- Up-to-date: /home/diqiux/robotics/lunabotics/Lunabotics_Bringup/install/move/share/move/models
[0.246s] -- Up-to-date: /home/diqiux/robotics/lunabotics/Lunabotics_Bringup/install/move/share/move/models/vehicle_blue
[0.246s] -- Up-to-date: /home/diqiux/robotics/lunabotics/Lunabotics_Bringup/install/move/share/move/models/vehicle_blue/model.config
[0.246s] -- Up-to-date: /home/diqiux/robotics/lunabotics/Lunabotics_Bringup/install/move/share/move/models/vehicle_blue/model.sdf
[0.246s] -- Up-to-date: /home/diqiux/robotics/lunabotics/Lunabotics_Bringup/install/move/share/move/worlds
[0.246s] -- Up-to-date: /home/diqiux/robotics/lunabotics/Lunabotics_Bringup/install/move/share/move/worlds/building_robot.sdf
[0.246s] -- Up-to-date: /home/diqiux/robotics/lunabotics/Lunabotics_Bringup/install/move/share/move/rviz
[0.247s] -- Up-to-date: /home/diqiux/robotics/lunabotics/Lunabotics_Bringup/install/move/share/move/rviz/vehicle.rviz
[0.247s] -- Up-to-date: /home/diqiux/robotics/lunabotics/Lunabotics_Bringup/install/move/share/ament_index/resource_index/package_run_dependencies/move
[0.247s] -- Installing: /home/diqiux/robotics/lunabotics/Lunabotics_Bringup/install/move/share/ament_index/resource_index/parent_prefix_path/move
[0.247s] -- Up-to-date: /home/diqiux/robotics/lunabotics/Lunabotics_Bringup/install/move/share/move/environment/ament_prefix_path.sh
[0.247s] -- Up-to-date: /home/diqiux/robotics/lunabotics/Lunabotics_Bringup/install/move/share/move/environment/ament_prefix_path.dsv
[0.247s] -- Up-to-date: /home/diqiux/robotics/lunabotics/Lunabotics_Bringup/install/move/share/move/environment/path.sh
[0.247s] -- Up-to-date: /home/diqiux/robotics/lunabotics/Lunabotics_Bringup/install/move/share/move/environment/path.dsv
[0.247s] -- Up-to-date: /home/diqiux/robotics/lunabotics/Lunabotics_Bringup/install/move/share/move/local_setup.bash
[0.247s] -- Up-to-date: /home/diqiux/robotics/lunabotics/Lunabotics_Bringup/install/move/share/move/local_setup.sh
[0.247s] -- Up-to-date: /home/diqiux/robotics/lunabotics/Lunabotics_Bringup/install/move/share/move/local_setup.zsh
[0.247s] -- Up-to-date: /home/diqiux/robotics/lunabotics/Lunabotics_Bringup/install/move/share/move/local_setup.dsv
[0.247s] -- Installing: /home/diqiux/robotics/lunabotics/Lunabotics_Bringup/install/move/share/move/package.dsv
[0.247s] -- Up-to-date: /home/diqiux/robotics/lunabotics/Lunabotics_Bringup/install/move/share/ament_index/resource_index/packages/move
[0.247s] -- Up-to-date: /home/diqiux/robotics/lunabotics/Lunabotics_Bringup/install/move/share/move/cmake/moveConfig.cmake
[0.247s] -- Up-to-date: /home/diqiux/robotics/lunabotics/Lunabotics_Bringup/install/move/share/move/cmake/moveConfig-version.cmake
[0.247s] -- Up-to-date: /home/diqiux/robotics/lunabotics/Lunabotics_Bringup/install/move/share/move/package.xml
[0.248s] Invoked command in '/home/diqiux/robotics/lunabotics/Lunabotics_Bringup/build/move' returned '0': CMAKE_PREFIX_PATH=${CMAKE_PREFIX_PATH}:/opt/ros/jazzy DEBUGINFOD_URLS=https://debuginfod.ubuntu.com /usr/bin/cmake --install /home/diqiux/robotics/lunabotics/Lunabotics_Bringup/build/move
